<?xml version="1.0" encoding="UTF-8"?>
<testsuites name="jest tests" tests="201" failures="0" errors="0" time="1.549">
  <testsuite name="Global Jest Handling" errors="0" failures="0" skipped="0" timestamp="2025-11-29T20:36:16" time="0.205" tests="4">
    <testcase classname="Global Jest Handling When jest is global (no import) should transform jest.Mocked&lt;T&gt; even when jest is not imported" name="Global Jest Handling When jest is global (no import) should transform jest.Mocked&lt;T&gt; even when jest is not imported" time="0.081">
    </testcase>
    <testcase classname="Global Jest Handling When jest is global (no import) should handle jest.fn() in mocks when jest is global" name="Global Jest Handling When jest is global (no import) should handle jest.fn() in mocks when jest is global" time="0.006">
    </testcase>
    <testcase classname="Global Jest Handling When jest is global (no import) should work with partially migrated files (already using @suites/unit)" name="Global Jest Handling When jest is global (no import) should work with partially migrated files (already using @suites/unit)" time="0.007">
    </testcase>
    <testcase classname="Global Jest Handling When jest is global (no import) should handle files with no jest import but jest.Mocked usage" name="Global Jest Handling When jest is global (no import) should handle files with no jest import but jest.Mocked usage" time="0.004">
    </testcase>
  </testsuite>
  <testsuite name="Snapshot Tests" errors="0" failures="0" skipped="0" timestamp="2025-11-29T20:36:16" time="0.125" tests="9">
    <testcase classname="Snapshot Tests Basic Examples from Specification should transform simple mock with .final()" name="Snapshot Tests Basic Examples from Specification should transform simple mock with .final()" time="0.025">
    </testcase>
    <testcase classname="Snapshot Tests Basic Examples from Specification should transform complex mock with .impl() and retrieval" name="Snapshot Tests Basic Examples from Specification should transform complex mock with .impl() and retrieval" time="0.015">
    </testcase>
    <testcase classname="Snapshot Tests Basic Examples from Specification should transform token injection" name="Snapshot Tests Basic Examples from Specification should transform token injection" time="0.005">
    </testcase>
    <testcase classname="Snapshot Tests Sinon Framework should transform Sinon-based tests" name="Snapshot Tests Sinon Framework should transform Sinon-based tests" time="0.009">
    </testcase>
    <testcase classname="Snapshot Tests Mixed .impl() and .final() should correctly apply .impl() to retrieved mocks and .final() to others" name="Snapshot Tests Mixed .impl() and .final() should correctly apply .impl() to retrieved mocks and .final() to others" time="0.011">
    </testcase>
    <testcase classname="Snapshot Tests Type Cast Cleanup should remove obsolete type casts" name="Snapshot Tests Type Cast Cleanup should remove obsolete type casts" time="0.009">
    </testcase>
    <testcase classname="Snapshot Tests UnitReference Usage should handle UnitReference imports and usage" name="Snapshot Tests UnitReference Usage should handle UnitReference imports and usage" time="0.01">
    </testcase>
    <testcase classname="Snapshot Tests Multiple Test Hooks should transform TestBed in beforeAll, beforeEach, and test blocks" name="Snapshot Tests Multiple Test Hooks should transform TestBed in beforeAll, beforeEach, and test blocks" time="0.009">
    </testcase>
    <testcase classname="Snapshot Tests Edge Cases should handle various edge cases correctly" name="Snapshot Tests Edge Cases should handle various edge cases correctly" time="0.011">
    </testcase>
  </testsuite>
  <testsuite name="Mock Transformer" errors="0" failures="0" skipped="0" timestamp="2025-11-29T20:36:16" time="0.057" tests="19">
    <testcase classname="Mock Transformer Rule C: Transform .using() to .impl() or .final() Transform to .impl() when retrieved should transform .using() to .impl() when mock is retrieved" name="Mock Transformer Rule C: Transform .using() to .impl() or .final() Transform to .impl() when retrieved should transform .using() to .impl() when mock is retrieved" time="0.004">
    </testcase>
    <testcase classname="Mock Transformer Rule C: Transform .using() to .impl() or .final() Transform to .impl() when retrieved should transform multiple .using() calls based on retrieval" name="Mock Transformer Rule C: Transform .using() to .impl() or .final() Transform to .impl() when retrieved should transform multiple .using() calls based on retrieval" time="0.001">
    </testcase>
    <testcase classname="Mock Transformer Rule C: Transform .using() to .impl() or .final() Transform to .final() when not retrieved should transform .using() to .final() when mock is not retrieved" name="Mock Transformer Rule C: Transform .using() to .impl() or .final() Transform to .final() when not retrieved should transform .using() to .final() when mock is not retrieved" time="0.001">
    </testcase>
    <testcase classname="Mock Transformer Rule C: Transform .using() to .impl() or .final() Transform to .final() when not retrieved should transform to .final() for simple mock values" name="Mock Transformer Rule C: Transform .using() to .impl() or .final() Transform to .final() when not retrieved should transform to .final() for simple mock values" time="0.001">
    </testcase>
    <testcase classname="Mock Transformer Rule C: Transform .using() to .impl() or .final() Transform to .impl() when using jest.fn() should transform .using() to .impl() when using jest.fn()" name="Mock Transformer Rule C: Transform .using() to .impl() or .final() Transform to .impl() when using jest.fn() should transform .using() to .impl() when using jest.fn()" time="0.001">
    </testcase>
    <testcase classname="Mock Transformer Rule C: Transform .using() to .impl() or .final() Transform to .impl() when using jest.fn() should detect jest.fn() inline even without context" name="Mock Transformer Rule C: Transform .using() to .impl() or .final() Transform to .impl() when using jest.fn() should detect jest.fn() inline even without context" time="0.001">
    </testcase>
    <testcase classname="Mock Transformer Rule C: Transform .using() to .impl() or .final() Transform to .impl() when using sinon.stub() should transform .using() to .impl() when using sinon.stub()" name="Mock Transformer Rule C: Transform .using() to .impl() or .final() Transform to .impl() when using sinon.stub() should transform .using() to .impl() when using sinon.stub()" time="0.001">
    </testcase>
    <testcase classname="Mock Transformer Rule C: Transform .using() to .impl() or .final() Transform to .impl() when using sinon.stub() should detect sinon.stub() inline even without context" name="Mock Transformer Rule C: Transform .using() to .impl() or .final() Transform to .impl() when using sinon.stub() should detect sinon.stub() inline even without context" time="0.001">
    </testcase>
    <testcase classname="Mock Transformer Transform stub functions Transform jest.fn() to stubFn() should replace jest.fn() with stubFn() in .impl()" name="Mock Transformer Transform stub functions Transform jest.fn() to stubFn() should replace jest.fn() with stubFn() in .impl()" time="0.001">
    </testcase>
    <testcase classname="Mock Transformer Transform stub functions Transform jest.fn() to stubFn() should transform jest.fn() with implementation" name="Mock Transformer Transform stub functions Transform jest.fn() to stubFn() should transform jest.fn() with implementation" time="0.001">
    </testcase>
    <testcase classname="Mock Transformer Transform stub functions Transform jest.fn() to stubFn() should transform multiple jest.fn() calls" name="Mock Transformer Transform stub functions Transform jest.fn() to stubFn() should transform multiple jest.fn() calls" time="0.001">
    </testcase>
    <testcase classname="Mock Transformer Transform stub functions Transform jest.fn() to stubFn() should transform chained jest.fn() calls" name="Mock Transformer Transform stub functions Transform jest.fn() to stubFn() should transform chained jest.fn() calls" time="0.001">
    </testcase>
    <testcase classname="Mock Transformer Transform stub functions Transform sinon.stub() to stubFn() should replace sinon.stub() with stubFn() in .impl()" name="Mock Transformer Transform stub functions Transform sinon.stub() to stubFn() should replace sinon.stub() with stubFn() in .impl()" time="0.001">
    </testcase>
    <testcase classname="Mock Transformer Transform stub functions Transform sinon.stub() to stubFn() should transform multiple sinon.stub() calls" name="Mock Transformer Transform stub functions Transform sinon.stub() to stubFn() should transform multiple sinon.stub() calls" time="0.001">
    </testcase>
    <testcase classname="Mock Transformer Transform stub functions Mixed stub types should transform both jest.fn() and sinon.stub() to stubFn()" name="Mock Transformer Transform stub functions Mixed stub types should transform both jest.fn() and sinon.stub() to stubFn()" time="0.001">
    </testcase>
    <testcase classname="Mock Transformer Complete transformation examples should handle complete example with .impl() (retrieved mock)" name="Mock Transformer Complete transformation examples should handle complete example with .impl() (retrieved mock)" time="0.002">
    </testcase>
    <testcase classname="Mock Transformer Complete transformation examples should handle complete example with .final() (non-retrieved mock)" name="Mock Transformer Complete transformation examples should handle complete example with .final() (non-retrieved mock)" time="0.001">
    </testcase>
    <testcase classname="Mock Transformer Complete transformation examples should handle multiple mocks with mixed .impl() and .final()" name="Mock Transformer Complete transformation examples should handle multiple mocks with mixed .impl() and .final()" time="0.002">
    </testcase>
    <testcase classname="Mock Transformer Complete transformation examples should NOT transform non-TestBed .using() calls" name="Mock Transformer Complete transformation examples should NOT transform non-TestBed .using() calls" time="0">
    </testcase>
  </testsuite>
  <testsuite name="TestBed Transformer" errors="0" failures="0" skipped="0" timestamp="2025-11-29T20:36:16" time="0.051" tests="14">
    <testcase classname="TestBed Transformer Rule B1: Replace .create() with .solitary() should replace TestBed.create() with TestBed.solitary()" name="TestBed Transformer Rule B1: Replace .create() with .solitary() should replace TestBed.create() with TestBed.solitary()" time="0.003">
    </testcase>
    <testcase classname="TestBed Transformer Rule B1: Replace .create() with .solitary() should handle TestBed.create() with generic type parameters" name="TestBed Transformer Rule B1: Replace .create() with .solitary() should handle TestBed.create() with generic type parameters" time="0.002">
    </testcase>
    <testcase classname="TestBed Transformer Rule B1: Replace .create() with .solitary() should replace multiple TestBed.create() calls" name="TestBed Transformer Rule B1: Replace .create() with .solitary() should replace multiple TestBed.create() calls" time="0.002">
    </testcase>
    <testcase classname="TestBed Transformer Rule B2: Add await to .compile() and make parent async should add await to .compile() call" name="TestBed Transformer Rule B2: Add await to .compile() and make parent async should add await to .compile() call" time="0.001">
    </testcase>
    <testcase classname="TestBed Transformer Rule B2: Add await to .compile() and make parent async should make parent function async" name="TestBed Transformer Rule B2: Add await to .compile() and make parent async should make parent function async" time="0.001">
    </testcase>
    <testcase classname="TestBed Transformer Rule B2: Add await to .compile() and make parent async should NOT add await if already awaited" name="TestBed Transformer Rule B2: Add await to .compile() and make parent async should NOT add await if already awaited" time="0.001">
    </testcase>
    <testcase classname="TestBed Transformer Rule B2: Add await to .compile() and make parent async should handle compile in beforeEach" name="TestBed Transformer Rule B2: Add await to .compile() and make parent async should handle compile in beforeEach" time="0.001">
    </testcase>
    <testcase classname="TestBed Transformer Rule B2: Add await to .compile() and make parent async should handle compile in test/it block" name="TestBed Transformer Rule B2: Add await to .compile() and make parent async should handle compile in test/it block" time="0.001">
    </testcase>
    <testcase classname="TestBed Transformer Rule B2: Add await to .compile() and make parent async should NOT transform non-TestBed .compile() calls" name="TestBed Transformer Rule B2: Add await to .compile() and make parent async should NOT transform non-TestBed .compile() calls" time="0.001">
    </testcase>
    <testcase classname="TestBed Transformer Rule B2: Add await to .compile() and make parent async should handle chained TestBed calls with .compile()" name="TestBed Transformer Rule B2: Add await to .compile() and make parent async should handle chained TestBed calls with .compile()" time="0.001">
    </testcase>
    <testcase classname="TestBed Transformer Complete transformation should handle complete TestBed transformation with both rules" name="TestBed Transformer Complete transformation should handle complete TestBed transformation with both rules" time="0.004">
    </testcase>
    <testcase classname="TestBed Transformer Complete transformation should handle multiple compile calls in different hooks" name="TestBed Transformer Complete transformation should handle multiple compile calls in different hooks" time="0.002">
    </testcase>
    <testcase classname="TestBed Transformer Complete transformation should preserve other TestBed method calls" name="TestBed Transformer Complete transformation should preserve other TestBed method calls" time="0.001">
    </testcase>
    <testcase classname="TestBed Transformer Complete transformation should handle arrow functions with explicit return" name="TestBed Transformer Complete transformation should handle arrow functions with explicit return" time="0.001">
    </testcase>
  </testsuite>
  <testsuite name="Final Retrieval Validator" errors="0" failures="0" skipped="0" timestamp="2025-11-29T20:36:16" time="0.049" tests="16">
    <testcase classname="Final Retrieval Validator Positive cases - no errors should pass when .final() mock is not retrieved" name="Final Retrieval Validator Positive cases - no errors should pass when .final() mock is not retrieved" time="0.003">
    </testcase>
    <testcase classname="Final Retrieval Validator Positive cases - no errors should pass when retrieved mock uses .impl()" name="Final Retrieval Validator Positive cases - no errors should pass when retrieved mock uses .impl()" time="0.001">
    </testcase>
    <testcase classname="Final Retrieval Validator Positive cases - no errors should pass with multiple .impl() retrievals" name="Final Retrieval Validator Positive cases - no errors should pass with multiple .impl() retrievals" time="0.001">
    </testcase>
    <testcase classname="Final Retrieval Validator Positive cases - no errors should pass when .final() and .impl() correctly used together" name="Final Retrieval Validator Positive cases - no errors should pass when .final() and .impl() correctly used together" time="0.001">
    </testcase>
    <testcase classname="Final Retrieval Validator Positive cases - no errors should pass with empty source" name="Final Retrieval Validator Positive cases - no errors should pass with empty source" time="0">
    </testcase>
    <testcase classname="Final Retrieval Validator Positive cases - no errors should pass when no TestBed usage" name="Final Retrieval Validator Positive cases - no errors should pass when no TestBed usage" time="0.001">
    </testcase>
    <testcase classname="Final Retrieval Validator Negative cases - CRITICAL errors detected should detect CRITICAL error when .final() mock is retrieved" name="Final Retrieval Validator Negative cases - CRITICAL errors detected should detect CRITICAL error when .final() mock is retrieved" time="0.001">
    </testcase>
    <testcase classname="Final Retrieval Validator Negative cases - CRITICAL errors detected should detect multiple .final() retrievals" name="Final Retrieval Validator Negative cases - CRITICAL errors detected should detect multiple .final() retrievals" time="0.001">
    </testcase>
    <testcase classname="Final Retrieval Validator Negative cases - CRITICAL errors detected should detect token string with .final() retrieved" name="Final Retrieval Validator Negative cases - CRITICAL errors detected should detect token string with .final() retrieved" time="0.001">
    </testcase>
    <testcase classname="Final Retrieval Validator Negative cases - CRITICAL errors detected should detect retrieval in different scopes (beforeAll/it)" name="Final Retrieval Validator Negative cases - CRITICAL errors detected should detect retrieval in different scopes (beforeAll/it)" time="0.001">
    </testcase>
    <testcase classname="Final Retrieval Validator Edge cases should handle complex mock chains correctly" name="Final Retrieval Validator Edge cases should handle complex mock chains correctly" time="0.002">
    </testcase>
    <testcase classname="Final Retrieval Validator Edge cases should point line numbers to unitRef.get() call" name="Final Retrieval Validator Edge cases should point line numbers to unitRef.get() call" time="0.001">
    </testcase>
    <testcase classname="Final Retrieval Validator Edge cases should handle multiple TestBed instances" name="Final Retrieval Validator Edge cases should handle multiple TestBed instances" time="0.003">
    </testcase>
    <testcase classname="Final Retrieval Validator Edge cases should include dependency name in error message" name="Final Retrieval Validator Edge cases should include dependency name in error message" time="0.001">
    </testcase>
    <testcase classname="Final Retrieval Validator Edge cases should verify severity is critical" name="Final Retrieval Validator Edge cases should verify severity is critical" time="0.001">
    </testcase>
    <testcase classname="Final Retrieval Validator Edge cases should handle no mock configuration" name="Final Retrieval Validator Edge cases should handle no mock configuration" time="0">
    </testcase>
  </testsuite>
  <testsuite name="Validator Orchestrator" errors="0" failures="0" skipped="0" timestamp="2025-11-29T20:36:16" time="0.047" tests="10">
    <testcase classname="Validator Orchestrator Severity Categorization should return success for valid transformed code" name="Validator Orchestrator Severity Categorization should return success for valid transformed code" time="0.004">
    </testcase>
    <testcase classname="Validator Orchestrator Severity Categorization should return success for empty source" name="Validator Orchestrator Severity Categorization should return success for empty source" time="0.001">
    </testcase>
    <testcase classname="Validator Orchestrator Severity Categorization should categorize compile-await violations as warnings" name="Validator Orchestrator Severity Categorization should categorize compile-await violations as warnings" time="0.001">
    </testcase>
    <testcase classname="Validator Orchestrator Severity Categorization should categorize import violations as errors" name="Validator Orchestrator Severity Categorization should categorize import violations as errors" time="0.001">
    </testcase>
    <testcase classname="Validator Orchestrator Severity Categorization should categorize TestBed violations as errors" name="Validator Orchestrator Severity Categorization should categorize TestBed violations as errors" time="0.001">
    </testcase>
    <testcase classname="Validator Orchestrator Severity Categorization should categorize using violations as errors" name="Validator Orchestrator Severity Categorization should categorize using violations as errors" time="0.002">
    </testcase>
    <testcase classname="Validator Orchestrator Severity Categorization should categorize stub violations as errors" name="Validator Orchestrator Severity Categorization should categorize stub violations as errors" time="0.002">
    </testcase>
    <testcase classname="Validator Orchestrator Severity Categorization should categorize final-retrieval violations as critical" name="Validator Orchestrator Severity Categorization should categorize final-retrieval violations as critical" time="0.002">
    </testcase>
    <testcase classname="Validator Orchestrator Aggregation should aggregate multiple error types from different validators" name="Validator Orchestrator Aggregation should aggregate multiple error types from different validators" time="0.001">
    </testcase>
    <testcase classname="Validator Orchestrator Aggregation should aggregate multiple violations of the same type" name="Validator Orchestrator Aggregation should aggregate multiple violations of the same type" time="0.004">
    </testcase>
  </testsuite>
  <testsuite name="Import Transformer" errors="0" failures="0" skipped="0" timestamp="2025-11-29T20:36:17" time="0.047" tests="13">
    <testcase classname="Import Transformer Rule A1: Replace main imports should replace @automock/jest with @suites/unit" name="Import Transformer Rule A1: Replace main imports should replace @automock/jest with @suites/unit" time="0.003">
    </testcase>
    <testcase classname="Import Transformer Rule A1: Replace main imports should replace @automock/sinon with @suites/unit" name="Import Transformer Rule A1: Replace main imports should replace @automock/sinon with @suites/unit" time="0.001">
    </testcase>
    <testcase classname="Import Transformer Rule A1: Replace main imports should preserve import specifiers" name="Import Transformer Rule A1: Replace main imports should preserve import specifiers" time="0.001">
    </testcase>
    <testcase classname="Import Transformer Rule A3: Transform UnitReference import should remove @automock/core import and add UnitReference to @suites/unit" name="Import Transformer Rule A3: Transform UnitReference import should remove @automock/core import and add UnitReference to @suites/unit" time="0.001">
    </testcase>
    <testcase classname="Import Transformer Rule A3: Transform UnitReference import should handle UnitReference when it needs to be added" name="Import Transformer Rule A3: Transform UnitReference import should handle UnitReference when it needs to be added" time="0.001">
    </testcase>
    <testcase classname="Import Transformer Rule A2: Transform type annotations should transform jest.Mocked&lt;T&gt; to Mocked&lt;T&gt;" name="Import Transformer Rule A2: Transform type annotations should transform jest.Mocked&lt;T&gt; to Mocked&lt;T&gt;" time="0.001">
    </testcase>
    <testcase classname="Import Transformer Rule A2: Transform type annotations should transform SinonStubbedInstance&lt;T&gt; to Mocked&lt;T&gt;" name="Import Transformer Rule A2: Transform type annotations should transform SinonStubbedInstance&lt;T&gt; to Mocked&lt;T&gt;" time="0.001">
    </testcase>
    <testcase classname="Import Transformer Rule A2: Transform type annotations should transform multiple type annotations" name="Import Transformer Rule A2: Transform type annotations should transform multiple type annotations" time="0.002">
    </testcase>
    <testcase classname="Import Transformer Rule A2: Transform type annotations should NOT transform types when not in Suites context" name="Import Transformer Rule A2: Transform type annotations should NOT transform types when not in Suites context" time="0.001">
    </testcase>
    <testcase classname="Import Transformer Add Mocked import should add Mocked import when needed" name="Import Transformer Add Mocked import should add Mocked import when needed" time="0.001">
    </testcase>
    <testcase classname="Import Transformer Add Mocked import should not duplicate Mocked import" name="Import Transformer Add Mocked import should not duplicate Mocked import" time="0.001">
    </testcase>
    <testcase classname="Import Transformer Complete transformation should handle complete example with all transformations" name="Import Transformer Complete transformation should handle complete example with all transformations" time="0.004">
    </testcase>
    <testcase classname="Import Transformer Complete transformation should handle Sinon example" name="Import Transformer Complete transformation should handle Sinon example" time="0.001">
    </testcase>
  </testsuite>
  <testsuite name="Stub Detector" errors="0" failures="0" skipped="0" timestamp="2025-11-29T20:36:17" time="0.043" tests="21">
    <testcase classname="Stub Detector detectStubUsageInMock should detect jest.fn() usage" name="Stub Detector detectStubUsageInMock should detect jest.fn() usage" time="0.002">
    </testcase>
    <testcase classname="Stub Detector detectStubUsageInMock should detect sinon.stub() usage" name="Stub Detector detectStubUsageInMock should detect sinon.stub() usage" time="0.001">
    </testcase>
    <testcase classname="Stub Detector detectStubUsageInMock should detect multiple jest.fn() calls" name="Stub Detector detectStubUsageInMock should detect multiple jest.fn() calls" time="0.001">
    </testcase>
    <testcase classname="Stub Detector detectStubUsageInMock should detect jest.fn() with mockReturnValue" name="Stub Detector detectStubUsageInMock should detect jest.fn() with mockReturnValue" time="0.001">
    </testcase>
    <testcase classname="Stub Detector detectStubUsageInMock should detect jest.fn() with mockResolvedValue" name="Stub Detector detectStubUsageInMock should detect jest.fn() with mockResolvedValue" time="0.002">
    </testcase>
    <testcase classname="Stub Detector detectStubUsageInMock should not detect plain functions" name="Stub Detector detectStubUsageInMock should not detect plain functions" time="0">
    </testcase>
    <testcase classname="Stub Detector detectStubUsageInMock should not detect plain values" name="Stub Detector detectStubUsageInMock should not detect plain values" time="0.001">
    </testcase>
    <testcase classname="Stub Detector analyzeAllMockConfigurations should analyze single mock with stubs" name="Stub Detector analyzeAllMockConfigurations should analyze single mock with stubs" time="0.001">
    </testcase>
    <testcase classname="Stub Detector analyzeAllMockConfigurations should analyze single mock without stubs" name="Stub Detector analyzeAllMockConfigurations should analyze single mock without stubs" time="0">
    </testcase>
    <testcase classname="Stub Detector analyzeAllMockConfigurations should analyze multiple mocks with mixed stub usage" name="Stub Detector analyzeAllMockConfigurations should analyze multiple mocks with mixed stub usage" time="0.001">
    </testcase>
    <testcase classname="Stub Detector analyzeAllMockConfigurations should analyze token injection mocks" name="Stub Detector analyzeAllMockConfigurations should analyze token injection mocks" time="0.001">
    </testcase>
    <testcase classname="Stub Detector analyzeAllMockConfigurations should handle sinon stubs" name="Stub Detector analyzeAllMockConfigurations should handle sinon stubs" time="0">
    </testcase>
    <testcase classname="Stub Detector analyzeAllMockConfigurations should handle empty mocks" name="Stub Detector analyzeAllMockConfigurations should handle empty mocks" time="0.001">
    </testcase>
    <testcase classname="Stub Detector doesMockUseStubs should return true when mock uses stubs" name="Stub Detector doesMockUseStubs should return true when mock uses stubs" time="0">
    </testcase>
    <testcase classname="Stub Detector doesMockUseStubs should return false when mock does not use stubs" name="Stub Detector doesMockUseStubs should return false when mock does not use stubs" time="0.001">
    </testcase>
    <testcase classname="Stub Detector doesMockUseStubs should return false for non-existent mock" name="Stub Detector doesMockUseStubs should return false for non-existent mock" time="0">
    </testcase>
    <testcase classname="Stub Detector countStubsInSource should count jest.fn() calls" name="Stub Detector countStubsInSource should count jest.fn() calls" time="0.001">
    </testcase>
    <testcase classname="Stub Detector countStubsInSource should count sinon.stub() calls" name="Stub Detector countStubsInSource should count sinon.stub() calls" time="0">
    </testcase>
    <testcase classname="Stub Detector countStubsInSource should count mixed jest and sinon calls" name="Stub Detector countStubsInSource should count mixed jest and sinon calls" time="0.001">
    </testcase>
    <testcase classname="Stub Detector countStubsInSource should return 0 for source without stubs" name="Stub Detector countStubsInSource should return 0 for source without stubs" time="0">
    </testcase>
    <testcase classname="Stub Detector countStubsInSource should handle complex real-world example" name="Stub Detector countStubsInSource should handle complex real-world example" time="0.001">
    </testcase>
  </testsuite>
  <testsuite name="Cleanup Transformer" errors="0" failures="0" skipped="0" timestamp="2025-11-29T20:36:17" time="0.045" tests="12">
    <testcase classname="Cleanup Transformer Rule D: Remove obsolete type casts Remove jest.Mocked&lt;T&gt; casts should remove &quot;as jest.Mocked&lt;T&gt;&quot; type cast" name="Cleanup Transformer Rule D: Remove obsolete type casts Remove jest.Mocked&lt;T&gt; casts should remove &quot;as jest.Mocked&lt;T&gt;&quot; type cast" time="0.002">
    </testcase>
    <testcase classname="Cleanup Transformer Rule D: Remove obsolete type casts Remove jest.Mocked&lt;T&gt; casts should remove multiple jest.Mocked casts" name="Cleanup Transformer Rule D: Remove obsolete type casts Remove jest.Mocked&lt;T&gt; casts should remove multiple jest.Mocked casts" time="0.001">
    </testcase>
    <testcase classname="Cleanup Transformer Rule D: Remove obsolete type casts Remove jest.Mocked&lt;T&gt; casts should handle jest.Mocked casts in different contexts" name="Cleanup Transformer Rule D: Remove obsolete type casts Remove jest.Mocked&lt;T&gt; casts should handle jest.Mocked casts in different contexts" time="0.002">
    </testcase>
    <testcase classname="Cleanup Transformer Rule D: Remove obsolete type casts Remove jest.Mocked&lt;T&gt; casts should preserve the variable assignment" name="Cleanup Transformer Rule D: Remove obsolete type casts Remove jest.Mocked&lt;T&gt; casts should preserve the variable assignment" time="0.001">
    </testcase>
    <testcase classname="Cleanup Transformer Rule D: Remove obsolete type casts Remove SinonStubbedInstance&lt;T&gt; casts should remove &quot;as SinonStubbedInstance&lt;T&gt;&quot; type cast" name="Cleanup Transformer Rule D: Remove obsolete type casts Remove SinonStubbedInstance&lt;T&gt; casts should remove &quot;as SinonStubbedInstance&lt;T&gt;&quot; type cast" time="0">
    </testcase>
    <testcase classname="Cleanup Transformer Rule D: Remove obsolete type casts Remove SinonStubbedInstance&lt;T&gt; casts should remove multiple SinonStubbedInstance casts" name="Cleanup Transformer Rule D: Remove obsolete type casts Remove SinonStubbedInstance&lt;T&gt; casts should remove multiple SinonStubbedInstance casts" time="0.001">
    </testcase>
    <testcase classname="Cleanup Transformer Rule D: Remove obsolete type casts Remove SinonStubbedInstance&lt;T&gt; casts should handle SinonStubbedInstance casts in different contexts" name="Cleanup Transformer Rule D: Remove obsolete type casts Remove SinonStubbedInstance&lt;T&gt; casts should handle SinonStubbedInstance casts in different contexts" time="0.001">
    </testcase>
    <testcase classname="Cleanup Transformer Rule D: Remove obsolete type casts Mixed type casts should remove both jest.Mocked and SinonStubbedInstance casts" name="Cleanup Transformer Rule D: Remove obsolete type casts Mixed type casts should remove both jest.Mocked and SinonStubbedInstance casts" time="0.001">
    </testcase>
    <testcase classname="Cleanup Transformer Rule D: Remove obsolete type casts Complete examples should clean up complete test setup with jest.Mocked casts" name="Cleanup Transformer Rule D: Remove obsolete type casts Complete examples should clean up complete test setup with jest.Mocked casts" time="0.005">
    </testcase>
    <testcase classname="Cleanup Transformer Rule D: Remove obsolete type casts Complete examples should clean up complete test setup with SinonStubbedInstance casts" name="Cleanup Transformer Rule D: Remove obsolete type casts Complete examples should clean up complete test setup with SinonStubbedInstance casts" time="0.001">
    </testcase>
    <testcase classname="Cleanup Transformer Rule D: Remove obsolete type casts Complete examples should NOT remove other type casts" name="Cleanup Transformer Rule D: Remove obsolete type casts Complete examples should NOT remove other type casts" time="0.001">
    </testcase>
    <testcase classname="Cleanup Transformer Rule D: Remove obsolete type casts Complete examples should handle nested type casts" name="Cleanup Transformer Rule D: Remove obsolete type casts Complete examples should handle nested type casts" time="0.001">
    </testcase>
  </testsuite>
  <testsuite name="Retrieval Detector" errors="0" failures="0" skipped="0" timestamp="2025-11-29T20:36:17" time="0.04" tests="13">
    <testcase classname="Retrieval Detector detectRetrievals should detect single dependency retrieval" name="Retrieval Detector detectRetrievals should detect single dependency retrieval" time="0.002">
    </testcase>
    <testcase classname="Retrieval Detector detectRetrievals should detect multiple dependency retrievals" name="Retrieval Detector detectRetrievals should detect multiple dependency retrievals" time="0.001">
    </testcase>
    <testcase classname="Retrieval Detector detectRetrievals should detect string token retrievals" name="Retrieval Detector detectRetrievals should detect string token retrievals" time="0.001">
    </testcase>
    <testcase classname="Retrieval Detector detectRetrievals should detect retrievals with type annotations" name="Retrieval Detector detectRetrievals should detect retrievals with type annotations" time="0.001">
    </testcase>
    <testcase classname="Retrieval Detector detectRetrievals should detect retrievals in beforeAll/beforeEach blocks" name="Retrieval Detector detectRetrievals should detect retrievals in beforeAll/beforeEach blocks" time="0.002">
    </testcase>
    <testcase classname="Retrieval Detector detectRetrievals should handle renamed unitRef variables" name="Retrieval Detector detectRetrievals should handle renamed unitRef variables" time="0">
    </testcase>
    <testcase classname="Retrieval Detector detectRetrievals should not detect non-unitRef .get() calls" name="Retrieval Detector detectRetrievals should not detect non-unitRef .get() calls" time="0.001">
    </testcase>
    <testcase classname="Retrieval Detector detectRetrievals should handle empty file" name="Retrieval Detector detectRetrievals should handle empty file" time="0">
    </testcase>
    <testcase classname="Retrieval Detector detectRetrievals should handle file with no retrievals" name="Retrieval Detector detectRetrievals should handle file with no retrievals" time="0">
    </testcase>
    <testcase classname="Retrieval Detector isDependencyRetrieved should return true when dependency is retrieved" name="Retrieval Detector isDependencyRetrieved should return true when dependency is retrieved" time="0.001">
    </testcase>
    <testcase classname="Retrieval Detector isDependencyRetrieved should return false when dependency is not retrieved" name="Retrieval Detector isDependencyRetrieved should return false when dependency is not retrieved" time="0">
    </testcase>
    <testcase classname="Retrieval Detector detectRetrievalsFromSource should detect retrievals from source string" name="Retrieval Detector detectRetrievalsFromSource should detect retrievals from source string" time="0.001">
    </testcase>
    <testcase classname="Retrieval Detector detectRetrievalsFromSource should handle complex real-world example" name="Retrieval Detector detectRetrievalsFromSource should handle complex real-world example" time="0.002">
    </testcase>
  </testsuite>
  <testsuite name="Stub Replacement Validator" errors="0" failures="0" skipped="0" timestamp="2025-11-29T20:36:17" time="0.044" tests="14">
    <testcase classname="Stub Replacement Validator Positive cases - no errors should pass when stubFn() is used instead of jest.fn()" name="Stub Replacement Validator Positive cases - no errors should pass when stubFn() is used instead of jest.fn()" time="0.003">
    </testcase>
    <testcase classname="Stub Replacement Validator Positive cases - no errors should pass when stubFn() is used instead of sinon.stub()" name="Stub Replacement Validator Positive cases - no errors should pass when stubFn() is used instead of sinon.stub()" time="0.001">
    </testcase>
    <testcase classname="Stub Replacement Validator Positive cases - no errors should pass with .final() and no stubs" name="Stub Replacement Validator Positive cases - no errors should pass with .final() and no stubs" time="0.001">
    </testcase>
    <testcase classname="Stub Replacement Validator Positive cases - no errors should pass with empty source" name="Stub Replacement Validator Positive cases - no errors should pass with empty source" time="0">
    </testcase>
    <testcase classname="Stub Replacement Validator Positive cases - no errors should pass when no TestBed usage" name="Stub Replacement Validator Positive cases - no errors should pass when no TestBed usage" time="0">
    </testcase>
    <testcase classname="Stub Replacement Validator Negative cases - errors detected should detect jest.fn() inside .impl()" name="Stub Replacement Validator Negative cases - errors detected should detect jest.fn() inside .impl()" time="0">
    </testcase>
    <testcase classname="Stub Replacement Validator Negative cases - errors detected should detect sinon.stub() inside .impl()" name="Stub Replacement Validator Negative cases - errors detected should detect sinon.stub() inside .impl()" time="0.001">
    </testcase>
    <testcase classname="Stub Replacement Validator Negative cases - errors detected should detect multiple jest.fn() usages" name="Stub Replacement Validator Negative cases - errors detected should detect multiple jest.fn() usages" time="0.001">
    </testcase>
    <testcase classname="Stub Replacement Validator Negative cases - errors detected should detect mixed jest.fn() and sinon.stub()" name="Stub Replacement Validator Negative cases - errors detected should detect mixed jest.fn() and sinon.stub()" time="0.001">
    </testcase>
    <testcase classname="Stub Replacement Validator Negative cases - errors detected should detect jest.fn() with arguments" name="Stub Replacement Validator Negative cases - errors detected should detect jest.fn() with arguments" time="0.004">
    </testcase>
    <testcase classname="Stub Replacement Validator Negative cases - errors detected should detect sinon.stub().returns() pattern" name="Stub Replacement Validator Negative cases - errors detected should detect sinon.stub().returns() pattern" time="0.001">
    </testcase>
    <testcase classname="Stub Replacement Validator Edge cases should include line numbers when available" name="Stub Replacement Validator Edge cases should include line numbers when available" time="0.001">
    </testcase>
    <testcase classname="Stub Replacement Validator Edge cases should detect stubs in nested function calls" name="Stub Replacement Validator Edge cases should detect stubs in nested function calls" time="0">
    </testcase>
    <testcase classname="Stub Replacement Validator Edge cases should detect stubs in arrays" name="Stub Replacement Validator Edge cases should detect stubs in arrays" time="0">
    </testcase>
  </testsuite>
  <testsuite name="Compile Await Validator" errors="0" failures="0" skipped="0" timestamp="2025-11-29T20:36:17" time="0.036" tests="12">
    <testcase classname="Compile Await Validator Positive cases - no warnings should pass when .compile() is awaited" name="Compile Await Validator Positive cases - no warnings should pass when .compile() is awaited" time="0.002">
    </testcase>
    <testcase classname="Compile Await Validator Positive cases - no warnings should pass when .compile() is awaited in arrow function" name="Compile Await Validator Positive cases - no warnings should pass when .compile() is awaited in arrow function" time="0.001">
    </testcase>
    <testcase classname="Compile Await Validator Positive cases - no warnings should pass when .compile() is awaited with chained mocks" name="Compile Await Validator Positive cases - no warnings should pass when .compile() is awaited with chained mocks" time="0.001">
    </testcase>
    <testcase classname="Compile Await Validator Positive cases - no warnings should pass with empty source" name="Compile Await Validator Positive cases - no warnings should pass with empty source" time="0">
    </testcase>
    <testcase classname="Compile Await Validator Positive cases - no warnings should pass when no .compile() calls exist" name="Compile Await Validator Positive cases - no warnings should pass when no .compile() calls exist" time="0.001">
    </testcase>
    <testcase classname="Compile Await Validator Negative cases - warnings detected should warn when .compile() is not awaited" name="Compile Await Validator Negative cases - warnings detected should warn when .compile() is not awaited" time="0.001">
    </testcase>
    <testcase classname="Compile Await Validator Negative cases - warnings detected should warn on multiple non-awaited .compile() calls" name="Compile Await Validator Negative cases - warnings detected should warn on multiple non-awaited .compile() calls" time="0">
    </testcase>
    <testcase classname="Compile Await Validator Negative cases - warnings detected should warn when .compile() in assignment without await" name="Compile Await Validator Negative cases - warnings detected should warn when .compile() in assignment without await" time="0.001">
    </testcase>
    <testcase classname="Compile Await Validator Negative cases - warnings detected should warn when .compile() in destructuring without await" name="Compile Await Validator Negative cases - warnings detected should warn when .compile() in destructuring without await" time="0">
    </testcase>
    <testcase classname="Compile Await Validator Edge cases should detect only non-awaited .compile() in mixed scenarios" name="Compile Await Validator Edge cases should detect only non-awaited .compile() in mixed scenarios" time="0.001">
    </testcase>
    <testcase classname="Compile Await Validator Edge cases should include line numbers when available" name="Compile Await Validator Edge cases should include line numbers when available" time="0.001">
    </testcase>
    <testcase classname="Compile Await Validator Edge cases should warn in different contexts (class methods)" name="Compile Await Validator Edge cases should warn in different contexts (class methods)" time="0.001">
    </testcase>
  </testsuite>
  <testsuite name="Using Validator" errors="0" failures="0" skipped="0" timestamp="2025-11-29T20:36:17" time="0.034" tests="8">
    <testcase classname="Using Validator validateUsingTransformed should pass when all .impl() and .final() are used" name="Using Validator validateUsingTransformed should pass when all .impl() and .final() are used" time="0.002">
    </testcase>
    <testcase classname="Using Validator validateUsingTransformed should detect remaining .using() call" name="Using Validator validateUsingTransformed should detect remaining .using() call" time="0.001">
    </testcase>
    <testcase classname="Using Validator validateUsingTransformed should detect multiple .using() calls" name="Using Validator validateUsingTransformed should detect multiple .using() calls" time="0.001">
    </testcase>
    <testcase classname="Using Validator validateUsingTransformed should include line numbers when available" name="Using Validator validateUsingTransformed should include line numbers when available" time="0.001">
    </testcase>
    <testcase classname="Using Validator validateUsingTransformed should handle empty source" name="Using Validator validateUsingTransformed should handle empty source" time="0">
    </testcase>
    <testcase classname="Using Validator validateUsingTransformed should handle source without mock chains" name="Using Validator validateUsingTransformed should handle source without mock chains" time="0.001">
    </testcase>
    <testcase classname="Using Validator validateUsingTransformed should pass with only .impl() calls" name="Using Validator validateUsingTransformed should pass with only .impl() calls" time="0.001">
    </testcase>
    <testcase classname="Using Validator validateUsingTransformed should pass with only .final() calls" name="Using Validator validateUsingTransformed should pass with only .final() calls" time="0">
    </testcase>
  </testsuite>
  <testsuite name="TestBed Validator" errors="0" failures="0" skipped="0" timestamp="2025-11-29T20:36:17" time="0.033" tests="8">
    <testcase classname="TestBed Validator validateTestBedTransformed should pass when all TestBed.solitary() calls are used" name="TestBed Validator validateTestBedTransformed should pass when all TestBed.solitary() calls are used" time="0.002">
    </testcase>
    <testcase classname="TestBed Validator validateTestBedTransformed should detect remaining TestBed.create() call" name="TestBed Validator validateTestBedTransformed should detect remaining TestBed.create() call" time="0">
    </testcase>
    <testcase classname="TestBed Validator validateTestBedTransformed should detect multiple TestBed.create() calls" name="TestBed Validator validateTestBedTransformed should detect multiple TestBed.create() calls" time="0.001">
    </testcase>
    <testcase classname="TestBed Validator validateTestBedTransformed should include line numbers when available" name="TestBed Validator validateTestBedTransformed should include line numbers when available" time="0.001">
    </testcase>
    <testcase classname="TestBed Validator validateTestBedTransformed should pass with mixed valid TestBed.solitary() and unrelated create calls" name="TestBed Validator validateTestBedTransformed should pass with mixed valid TestBed.solitary() and unrelated create calls" time="0.003">
    </testcase>
    <testcase classname="TestBed Validator validateTestBedTransformed should handle empty source" name="TestBed Validator validateTestBedTransformed should handle empty source" time="0">
    </testcase>
    <testcase classname="TestBed Validator validateTestBedTransformed should handle source without TestBed" name="TestBed Validator validateTestBedTransformed should handle source without TestBed" time="0.001">
    </testcase>
    <testcase classname="TestBed Validator validateTestBedTransformed should handle TestBed.create() in complex chains" name="TestBed Validator validateTestBedTransformed should handle TestBed.create() in complex chains" time="0.001">
    </testcase>
  </testsuite>
  <testsuite name="Import Validator" errors="0" failures="0" skipped="0" timestamp="2025-11-29T20:36:17" time="0.032" tests="9">
    <testcase classname="Import Validator validateNoAutomockImports should pass when no @automock imports exist" name="Import Validator validateNoAutomockImports should pass when no @automock imports exist" time="0.002">
    </testcase>
    <testcase classname="Import Validator validateNoAutomockImports should detect remaining @automock/jest import" name="Import Validator validateNoAutomockImports should detect remaining @automock/jest import" time="0.001">
    </testcase>
    <testcase classname="Import Validator validateNoAutomockImports should detect remaining @automock/sinon import" name="Import Validator validateNoAutomockImports should detect remaining @automock/sinon import" time="0.001">
    </testcase>
    <testcase classname="Import Validator validateNoAutomockImports should detect remaining @automock/core import" name="Import Validator validateNoAutomockImports should detect remaining @automock/core import" time="0">
    </testcase>
    <testcase classname="Import Validator validateNoAutomockImports should detect multiple @automock imports" name="Import Validator validateNoAutomockImports should detect multiple @automock imports" time="0.001">
    </testcase>
    <testcase classname="Import Validator validateNoAutomockImports should include line numbers when available" name="Import Validator validateNoAutomockImports should include line numbers when available" time="0">
    </testcase>
    <testcase classname="Import Validator validateNoAutomockImports should pass with mixed valid and unrelated imports" name="Import Validator validateNoAutomockImports should pass with mixed valid and unrelated imports" time="0.001">
    </testcase>
    <testcase classname="Import Validator validateNoAutomockImports should handle empty source" name="Import Validator validateNoAutomockImports should handle empty source" time="0">
    </testcase>
    <testcase classname="Import Validator validateNoAutomockImports should handle source with no imports" name="Import Validator validateNoAutomockImports should handle source with no imports" time="0.001">
    </testcase>
  </testsuite>
  <testsuite name="Context Detector" errors="0" failures="0" skipped="0" timestamp="2025-11-29T20:36:17" time="0.02" tests="19">
    <testcase classname="Context Detector detectSuitesContext should detect Automock/jest import" name="Context Detector detectSuitesContext should detect Automock/jest import" time="0">
    </testcase>
    <testcase classname="Context Detector detectSuitesContext should detect Automock/sinon import" name="Context Detector detectSuitesContext should detect Automock/sinon import" time="0">
    </testcase>
    <testcase classname="Context Detector detectSuitesContext should detect Automock/core import" name="Context Detector detectSuitesContext should detect Automock/core import" time="0.001">
    </testcase>
    <testcase classname="Context Detector detectSuitesContext should detect Suites import with TestBed usage" name="Context Detector detectSuitesContext should detect Suites import with TestBed usage" time="0">
    </testcase>
    <testcase classname="Context Detector detectSuitesContext should detect TestBed.create usage" name="Context Detector detectSuitesContext should detect TestBed.create usage" time="0.001">
    </testcase>
    <testcase classname="Context Detector detectSuitesContext should not detect context in non-Suites files" name="Context Detector detectSuitesContext should not detect context in non-Suites files" time="0">
    </testcase>
    <testcase classname="Context Detector detectSuitesContext should not detect context with only Suites import but no TestBed" name="Context Detector detectSuitesContext should not detect context with only Suites import but no TestBed" time="0">
    </testcase>
    <testcase classname="Context Detector needsMockedImport should return true when jest.Mocked is used with unitRef.get()" name="Context Detector needsMockedImport should return true when jest.Mocked is used with unitRef.get()" time="0.001">
    </testcase>
    <testcase classname="Context Detector needsMockedImport should return true when SinonStubbedInstance is used with unitRef.get()" name="Context Detector needsMockedImport should return true when SinonStubbedInstance is used with unitRef.get()" time="0">
    </testcase>
    <testcase classname="Context Detector needsMockedImport should return false when jest.Mocked is used without unitRef.get()" name="Context Detector needsMockedImport should return false when jest.Mocked is used without unitRef.get()" time="0">
    </testcase>
    <testcase classname="Context Detector needsMockedImport should return false when unitRef.get() is used without type annotations" name="Context Detector needsMockedImport should return false when unitRef.get() is used without type annotations" time="0">
    </testcase>
    <testcase classname="Context Detector needsMockedImport should return false in non-Suites context" name="Context Detector needsMockedImport should return false in non-Suites context" time="0">
    </testcase>
    <testcase classname="Context Detector needsUnitReferenceImport should return true when UnitReference is imported from @automock/core" name="Context Detector needsUnitReferenceImport should return true when UnitReference is imported from @automock/core" time="0">
    </testcase>
    <testcase classname="Context Detector needsUnitReferenceImport should return true when UnitReference is used in type annotation" name="Context Detector needsUnitReferenceImport should return true when UnitReference is used in type annotation" time="0">
    </testcase>
    <testcase classname="Context Detector needsUnitReferenceImport should return false when UnitReference is not imported" name="Context Detector needsUnitReferenceImport should return false when UnitReference is not imported" time="0">
    </testcase>
    <testcase classname="Context Detector needsUnitReferenceImport should return false when only @suites/unit is imported" name="Context Detector needsUnitReferenceImport should return false when only @suites/unit is imported" time="0">
    </testcase>
    <testcase classname="Context Detector analyzeContext should analyze complete Automock file context" name="Context Detector analyzeContext should analyze complete Automock file context" time="0">
    </testcase>
    <testcase classname="Context Detector analyzeContext should analyze simple Automock file without type imports" name="Context Detector analyzeContext should analyze simple Automock file without type imports" time="0">
    </testcase>
    <testcase classname="Context Detector analyzeContext should analyze non-Suites test file" name="Context Detector analyzeContext should analyze non-Suites test file" time="0">
    </testcase>
  </testsuite>
</testsuites>